// Jest Snapshot v1, https://goo.gl/fbAQLP

exports[`SortOptions component renders the RegisterForm 1`] = `
<div
  className="sortOptions"
>
  <div
    id="filterButton"
  >
    <button
      className="black-button margin10 filter-button"
      onClick={[Function]}
      type="button"
    >
      Filter
    </button>
    <button
      className="black-button margin10 filter-button"
      onClick={[Function]}
      type="button"
    >
      Clear
    </button>
  </div>
  <p
    className="black-bg"
  >
    <Link
      to="/new"
    >
      Movie not here? 
      <span
        className="block bold"
      >
        Find your movie!
      </span>
    </Link>
  </p>
</div>
`;
