// Jest Snapshot v1, https://goo.gl/fbAQLP

exports[`PrivateThreadMessage component renders the PrivateThreadMessage 1`] = `
<div
  className="hidden-play-message"
>
  <h4>
    Set up a watch party for a date and time
  </h4>
  <p>
    **LINK THIS: Make a private thread!
  </p>
  <p>
    Previous private events for movie: (Coming Soon!)
  </p>
</div>
`;
