// Jest Snapshot v1, https://goo.gl/fbAQLP

exports[`RegisterForm component renders the RegisterForm 1`] = `
<form
  className="Login"
  name="register"
  onSubmit={[Function]}
>
  <legend>
    Register
  </legend>
  <label
    htmlFor="email-input"
  >
    E-Mail:
  </label>
  <input
    id="email-input"
    name="email"
    onChange={[Function]}
    placeholder="ex. john123@super.com"
    required={true}
    type="email"
  />
  <label
    htmlFor="username-input"
  >
    Username:
  </label>
  <input
    id="username-input"
    name="username"
    onChange={[Function]}
    placeholder="ex. John123"
    required={true}
    type="text"
  />
  <label
    htmlFor="password-input"
  >
    Password:
  </label>
  <input
    autoComplete="off"
    id="password-input"
    name="password"
    onChange={[Function]}
    placeholder="******"
    required={true}
    type="password"
  />
  <button
    className="black-button"
    id="reg_button"
    type="submit"
    value="submit"
  >
    Submit
  </button>
  <Link
    className="login-link"
    to="/login"
  >
    Already have an account?
  </Link>
</form>
`;
